access-control-expose-headers: Vary, Header_key1, Header_key2, Date, Content-Type, grpc-status, grpc-message
content-type: application/grpc-web+proto
header_key1: header_val1
header_key2: header_val2
vary: Origin

trailer_key1: trailer_val1
trailer_key2: trailer_val2

code: Internal, number: 13, message: "internal error"
